
Gurobi 10.0.1 (win64) logging started Thu Aug  6 18:28:47 2026

Set parameter LogFile to value "C:\Users\ShixinNi\Documents\GitHub\oemof_system\results\Project_260803\S2\gurobi.log"
Gurobi Optimizer version 10.0.1 build v10.0.1rc0 (win64)

CPU model: Intel(R) Core(TM) i5-8500 CPU @ 3.00GHz, instruction set [SSE2|AVX|AVX2]
Thread count: 6 physical cores, 6 logical processors, using up to 6 threads

Academic license 2521723 - for non-commercial use only - registered to sh___@tu-berlin.de
Optimize a model with 700841 rows, 1024958 columns and 2247297 nonzeros
Model fingerprint: 0xb41b92a6
Variable types: 1024946 continuous, 12 integer (12 binary)
Coefficient statistics:
  Matrix range     [6e-04, 1e+10]
  Objective range  [1e-03, 1e+20]
  Bounds range     [1e+00, 1e+10]
  RHS range        [3e+00, 9e+13]
Warning: Model contains large matrix coefficient range
Warning: Model contains large objective coefficients
Warning: Model contains large rhs
Warning: Model contains large bounds
Found heuristic solution: objective 9.172092e+26
Presolve removed 423973 rows and 628910 columns
Presolve time: 2.97s
Presolved: 276868 rows, 396048 columns, 1098669 nonzeros
Variable types: 396036 continuous, 12 integer (12 binary)

Root simplex log...

Iteration    Objective       Primal Inf.    Dual Inf.      Time
   17447   -3.8761906e+05   2.741715e+08   0.000000e+00      5s
   65383    3.9055152e+05   1.338776e+07   0.000000e+00     10s
   87520    4.5193664e+05   1.260850e+08   0.000000e+00     15s
  108323    4.8430895e+05   3.598673e+07   0.000000e+00     20s
  130373    5.0666900e+05   4.166633e+06   0.000000e+00     25s
  149043    5.2573771e+05   3.278069e+06   0.000000e+00     30s
  156657    5.4142088e+05   3.655481e+06   0.000000e+00     35s
  164110    5.5033603e+05   1.978785e+06   0.000000e+00     40s
  171724    5.5837030e+05   1.694175e+06   0.000000e+00     45s
  177082    5.6466293e+05   7.054696e+05   0.000000e+00     50s
  184414    5.7144739e+05   1.201653e+06   0.000000e+00     55s
  192912    5.7802522e+05   2.191087e+06   0.000000e+00     60s
  199116    5.8237182e+05   1.463829e+06   0.000000e+00     65s
  205602    5.8693520e+05   3.168635e+05   0.000000e+00     70s
  214692    5.8997405e+05   2.585081e+06   0.000000e+00     75s
  219768    5.9121150e+05   5.007274e+04   0.000000e+00     80s
  224712    5.9151206e+05   0.000000e+00   0.000000e+00     85s
  224714    5.9150961e+05   0.000000e+00   0.000000e+00     85s

Root relaxation: objective 5.915096e+05, 224714 iterations, 81.38 seconds (118.70 work units)

    Nodes    |    Current Node    |     Objective Bounds      |     Work
 Expl Unexpl |  Obj  Depth IntInf | Incumbent    BestBd   Gap | It/Node Time

*    0     0               0    591509.60906 591509.609  0.00%     -   85s

Explored 1 nodes (224714 simplex iterations) in 85.47 seconds (122.05 work units)
Thread count was 6 (of 6 available processors)

Solution count 2: 591510 9.17209e+26 

Optimal solution found (tolerance 1.00e-04)
Best objective 5.915096090574e+05, best bound 5.915096090574e+05, gap 0.0000%
